[hfis.bpjs-kesehatan.go.id/hfis/index.html]
[backblue.gif]
[fade.gif]
[index.html]
[hfis.bpjs-kesehatan.go.id/hfis/assets/img/pavicon.ico]
[hfis.bpjs-kesehatan.go.id/hfis/assets/css/bootstrap.min.css]
[hfis.bpjs-kesehatan.go.id/hfis/assets/css/font-awesome.min.css]
[hfis.bpjs-kesehatan.go.id/hfis/assets/css/main.css]
[hfis.bpjs-kesehatan.go.id/hfis/assets/css/animate.css]
[hfis.bpjs-kesehatan.go.id/hfis/assets/css/responsive.css]
[hfis.bpjs-kesehatan.go.id/hfis/assets/js/modernizr-2.6.2.min.js]
[hfis.bpjs-kesehatan.go.id/hfis/assets/js/jquery-3.6.0.min.js]
[hfis.bpjs-kesehatan.go.id/hfis/assets/js/bootstrap.min.js]
[hfis.bpjs-kesehatan.go.id/hfis/assets/js/plugins.js]
[hfis.bpjs-kesehatan.go.id/hfis/assets/js/main.js]
[hfis.bpjs-kesehatan.go.id/hfis/assets/js/wow.min.js]
[hfis.bpjs-kesehatan.go.id/hfis/assets/img/bpjs1.png]
[hfis.bpjs-kesehatan.go.id/hfis/login.html]
[hfis.bpjs-kesehatan.go.id/hfis/assets/img/hospital.png]
[hfis.bpjs-kesehatan.go.id/hfis/Preassesment/PenapisanMandiri.html]
[hfis.bpjs-kesehatan.go.id/hfis/Preassesment/DashboardFaskes.html]
[hfis.bpjs-kesehatan.go.id/hfis/MonitoringPendaftaran/dataFaskesTerdaftar.html]
[hfis.bpjs-kesehatan.go.id/hfis/assets/img/ppk.png]
[hfis.bpjs-kesehatan.go.id/hfis/assets/img/usermanual.png]
[hfis.bpjs-kesehatan.go.id/hfis/downloads/usermanual.pdf]
[hfis.bpjs-kesehatan.go.id/hfis/assets/img/hakkewajiban.png]
[hfis.bpjs-kesehatan.go.id/hfis/index.html]
[hfis.bpjs-kesehatan.go.id/hfis/assets/fonts/glyphicons-halflings-regular.eot]
[hfis.bpjs-kesehatan.go.id/hfis/assets/fonts/glyphicons-halflings-regulard41d.eot]
[hfis.bpjs-kesehatan.go.id/hfis/assets/fonts/glyphicons-halflings-regular.woff2]
[hfis.bpjs-kesehatan.go.id/hfis/assets/fonts/glyphicons-halflings-regular.woff]
[hfis.bpjs-kesehatan.go.id/hfis/assets/fonts/glyphicons-halflings-regular.ttf]
[hfis.bpjs-kesehatan.go.id/hfis/assets/css/bootstrap.min.css]
[hfis.bpjs-kesehatan.go.id/hfis/assets/fonts/fontawesome-webfonte0a5.html]
[hfis.bpjs-kesehatan.go.id/hfis/assets/fonts/fontawesome-webfontd41d.html]
[hfis.bpjs-kesehatan.go.id/hfis/assets/fonts/fontawesome-webfonte0a5-2.html]
[hfis.bpjs-kesehatan.go.id/hfis/assets/fonts/fontawesome-webfonte0a5-3.html]
[hfis.bpjs-kesehatan.go.id/hfis/assets/fonts/fontawesome-webfonte0a5-4.html]
[hfis.bpjs-kesehatan.go.id/hfis/assets/fonts/fontawesome-webfonte0a5-5.html]
[hfis.bpjs-kesehatan.go.id/hfis/assets/css/font-awesome.min.css]
[hfis.bpjs-kesehatan.go.id/hfis/assets/css/main.css]
[hfis.bpjs-kesehatan.go.id/hfis/assets/css/animate.css]
[hfis.bpjs-kesehatan.go.id/hfis/assets/css/responsive.css]
[hfis.bpjs-kesehatan.go.id/hfis/assets/css/bootstrap-theme.min.css]
[hfis.bpjs-kesehatan.go.id/hfis/assets/css/nvcustom.css]
[hfis.bpjs-kesehatan.go.id/hfis/assets/css/sticky-footer.css]
[hfis.bpjs-kesehatan.go.id/hfis/assets/css/bootstrap-datepicker3.min.css]
[hfis.bpjs-kesehatan.go.id/hfis/assets/css/jquery.smartmenus.bootstrap.css]
[hfis.bpjs-kesehatan.go.id/hfis/assets/css/uploadfile.css]
[hfis.bpjs-kesehatan.go.id/hfis/assets/css/datatables.min.css]
[hfis.bpjs-kesehatan.go.id/hfis/assets/js/datatables.min.js]
[hfis.bpjs-kesehatan.go.id/hfis/assets/js/dataTables.checkboxes.min.js]
[hfis.bpjs-kesehatan.go.id/hfis/assets/js/jquery.uploadfile.js]
[hfis.bpjs-kesehatan.go.id/hfis/assets/js/notify.min.js]
[hfis.bpjs-kesehatan.go.id/hfis/assets/js/notify-bootstrap.js]
[hfis.bpjs-kesehatan.go.id/hfis/assets/js/bootstrap-datepicker.min.js]
[hfis.bpjs-kesehatan.go.id/hfis/assets/js/bootbox.min.js]
[hfis.bpjs-kesehatan.go.id/hfis/assets/js/inputmask.js]
[hfis.bpjs-kesehatan.go.id/hfis/assets/js/jquery.inputmask.js]
[hfis.bpjs-kesehatan.go.id/hfis/assets/js/jquery.smartmenus.js]
[hfis.bpjs-kesehatan.go.id/hfis/assets/js/jquery.smartmenus.bootstrap.js]
[hfis.bpjs-kesehatan.go.id/hfis/assets/css/bootstrap-clockpicker.min.css]
[hfis.bpjs-kesehatan.go.id/hfis/assets/css/github.min.css]
[hfis.bpjs-kesehatan.go.id/hfis/assets/js/bootstrap-clockpicker.min.js]
[hfis.bpjs-kesehatan.go.id/hfis/assets/css/select2.min.css]
[hfis.bpjs-kesehatan.go.id/hfis/assets/js/select2.min.js]
[hfis.bpjs-kesehatan.go.id/hfis/assets/css/pks_print.css]
[hfis.bpjs-kesehatan.go.id/hfis/assets/img/ajax-loader.gif]
[hfis.bpjs-kesehatan.go.id/hfis/assets/img/bg.jpg]
[hfis.bpjs-kesehatan.go.id/hfis/assets/js/cryptojs-aes.min.js]
[hfis.bpjs-kesehatan.go.id/hfis/assets/js/cryptojs-aes-format.js]
[hfis.bpjs-kesehatan.go.id/hfis/assets/captcha/1707323264.3405.jpg]
[hfis.bpjs-kesehatan.go.id/hfis/login/lupapassword.html]
[hfis.bpjs-kesehatan.go.id/hfis/login/gantipasswordppk.html]
[hfis.bpjs-kesehatan.go.id/hfis/login.html]
[hfis.bpjs-kesehatan.go.id/hfis/Preassesment/PreassesmentFKTP.html]
[hfis.bpjs-kesehatan.go.id/hfis/Preassesment/PreassesmentFKRTL.html]
[hfis.bpjs-kesehatan.go.id/hfis/Preassesment/PenapisanMandiri.html]
[hfis.bpjs-kesehatan.go.id/hfis/Preassesment/DashboardPenapisanMaps/fktp.html]
[hfis.bpjs-kesehatan.go.id/hfis/Preassesment/DashboardPenapisanMaps/fkrtl.html]
[hfis.bpjs-kesehatan.go.id/hfis/Preassesment/DashboardFaskes.html]
[hfis.bpjs-kesehatan.go.id/hfis/MonitoringPendaftaran/dataFaskesTerdaftar.html]
[hfis.bpjs-kesehatan.go.id/hfis/assets/fonts/glyphicons-halflings-regular.svg]
[hfis.bpjs-kesehatan.go.id/hfis/assets/fonts/fontawesome-webfonte0a5.html]
[hfis.bpjs-kesehatan.go.id/hfis/assets/fonts/fontawesome-webfontd41d.html]
[hfis.bpjs-kesehatan.go.id/hfis/assets/fonts/fontawesome-webfonte0a5-2.html]
[hfis.bpjs-kesehatan.go.id/hfis/assets/fonts/fontawesome-webfonte0a5-3.html]
[hfis.bpjs-kesehatan.go.id/hfis/assets/fonts/fontawesome-webfonte0a5-4.html]
[hfis.bpjs-kesehatan.go.id/hfis/assets/fonts/fontawesome-webfonte0a5-5.html]
[hfis.bpjs-kesehatan.go.id/hfis/assets/css/bootstrap-theme.min.css]
[hfis.bpjs-kesehatan.go.id/hfis/assets/css/nvcustom.css]
[hfis.bpjs-kesehatan.go.id/hfis/assets/css/sticky-footer.css]
[hfis.bpjs-kesehatan.go.id/hfis/assets/css/bootstrap-datepicker3.min.css]
[hfis.bpjs-kesehatan.go.id/hfis/assets/css/jquery.smartmenus.bootstrap.css]
[hfis.bpjs-kesehatan.go.id/hfis/assets/css/uploadfile.css]
[hfis.bpjs-kesehatan.go.id/hfis/assets/css/datatables.min.css]
[hfis.bpjs-kesehatan.go.id/hfis/assets/css/bootstrap-clockpicker.min.css]
[hfis.bpjs-kesehatan.go.id/hfis/assets/css/github.min.css]
[hfis.bpjs-kesehatan.go.id/hfis/assets/css/select2.min.css]
[hfis.bpjs-kesehatan.go.id/hfis/assets/img/date.jpg]
[hfis.bpjs-kesehatan.go.id/hfis/assets/css/pks_print.css]
[hfis.bpjs-kesehatan.go.id/hfis/login/lupapasswordcalonfaskes.html]
[hfis.bpjs-kesehatan.go.id/hfis/assets/js/valSelfAssesment.js]
[hfis.bpjs-kesehatan.go.id/hfis/login/lupapassword.html]
[hfis.bpjs-kesehatan.go.id/hfis/login/imgcaptcha.png]
[hfis.bpjs-kesehatan.go.id/hfis/assets/img/loading.gif]
[hfis.bpjs-kesehatan.go.id/hfis/login/gantipasswordppk.html]
[hfis.bpjs-kesehatan.go.id/hfis/Preassesment/PreassesmentFKTP.html]
[hfis.bpjs-kesehatan.go.id/hfis/Preassesment/PreassesmentFKRTL.html]
[hfis.bpjs-kesehatan.go.id/hfis/Preassesment/DashboardPenapisanMaps/fktp.html]
[hfis.bpjs-kesehatan.go.id/hfis/Preassesment/DashboardPenapisanMaps/fkrtl.html]
[hfis.bpjs-kesehatan.go.id/DataTables-1.10.25/images/sort_both.html]
[hfis.bpjs-kesehatan.go.id/DataTables-1.10.25/images/sort_asc.html]
[hfis.bpjs-kesehatan.go.id/DataTables-1.10.25/images/sort_desc.html]
[hfis.bpjs-kesehatan.go.id/DataTables-1.10.25/images/sort_asc_disabled.html]
[hfis.bpjs-kesehatan.go.id/DataTables-1.10.25/images/sort_desc_disabled.html]
[hfis.bpjs-kesehatan.go.id/hfis/login/lupapasswordcalonfaskes.html]
